// Jest Snapshot v1, https://goo.gl/fbAQLP

exports[`Ingredients Renders a list of ingredients 1`] = `
<styled.div>
  <styled.div>
    <styled.div
      key="poblano pepper"
    >
      <div>
        3
      </div>
      <div>
        poblano pepper
      </div>
    </styled.div>
    <styled.div
      key="chicken"
    >
      <div>
        3 lbs
      </div>
      <div>
        chicken
      </div>
    </styled.div>
  </styled.div>
  <BackButton />
</styled.div>
`;
