// Jest Snapshot v1, https://goo.gl/fbAQLP

exports[`Ingredients Renders a list of ingredients 1`] = `
<styled.div>
  <styled.div>
    <div
      key="poblano pepper"
    >
      poblano pepper
    </div>
    <div
      key="chicken"
    >
      chicken
    </div>
  </styled.div>
  <BackButton />
</styled.div>
`;
